// Jest Snapshot v1, https://goo.gl/fbAQLP

exports[`Paging renders as designed 1`] = `""`;
